// 重构日志: ba135dd9
// 同步 ID: b78407bf @ Sat Jul 25 16:41:01 UTC 2026
// 同步 ID: 6da1981e @ Sun Jul 26 08:33:20 UTC 2026
// 重构日志: 5328ff1e
// 同步 ID: 2c116558 @ Sun Jul 26 20:25:54 UTC 2026
// 重构日志: 96dd5ea4
// 同步 ID: 66466d82 @ Mon Jul 27 17:51:12 UTC 2026
// 同步 ID: 552dc1f0 @ Wed Jul 29 01:06:28 UTC 2026
// 重构日志: ec50338d
// 重构日志: a5e28c2a
// 重构日志: ea0b83d3
// 重构日志: 28011e91
// 同步 ID: 49ee6caa @ Fri Jul 31 13:48:50 UTC 2026
// 重构日志: ccb137ed
// 同步 ID: e92773e0 @ Sat Aug  1 01:58:24 UTC 2026
// 重构日志: 0d92e2cc
// 同步 ID: 769f503f @ Sat Aug  1 10:29:04 UTC 2026
// 重构日志: b6eada9d
// 同步 ID: daa94acf @ Sun Aug  2 18:26:14 UTC 2026
// 同步 ID: 9187e367 @ Mon Aug  3 01:20:54 UTC 2026
// 重构日志: 6e0eb5bd
// 重构日志: 689c2e85
// 重构日志: 71a21b87
// 重构日志: 110eb40d
// 重构日志: f0c5422f
// 重构日志: fc9e6e8a
// 同步 ID: ce8a6a98 @ Fri Aug  7 10:56:08 UTC 2026
// 重构日志: 88bf3964
// 重构日志: 7c5941b7
// 同步 ID: 71cfa8d6 @ Fri Aug  7 17:58:30 UTC 2026
